#-----------------------------------------------------------
# Vivado v2023.2 (64-bit)
# SW Build 4029153 on Fri Oct 13 20:14:34 MDT 2023
# IP Build 4028589 on Sat Oct 14 00:45:43 MDT 2023
# SharedData Build 4025554 on Tue Oct 10 17:18:54 MDT 2023
# Start of session at: Fri Apr  4 16:06:50 2025
# Process ID: 10332
# Current directory: C:/Users/karan/OneDrive/Documents/Work/UB/SEM2/Computer Architecture/project_1_updatedv6/project_1_updatedv4/project_1
# Command line: vivado.exe -gui_launcher_event rodinguilauncherevent22112 C:\Users\karan\OneDrive\Documents\Work\UB\SEM2\Computer Architecture\project_1_updatedv6\project_1_updatedv4\project_1\project_1.xpr
# Log file: C:/Users/karan/OneDrive/Documents/Work/UB/SEM2/Computer Architecture/project_1_updatedv6/project_1_updatedv4/project_1/vivado.log
# Journal file: C:/Users/karan/OneDrive/Documents/Work/UB/SEM2/Computer Architecture/project_1_updatedv6/project_1_updatedv4/project_1\vivado.jou
# Running On: Karanveer, OS: Windows, CPU Frequency: 2918 MHz, CPU Physical cores: 10, Host memory: 16780 MB
#-----------------------------------------------------------
start_gui
open_project {C:/Users/karan/OneDrive/Documents/Work/UB/SEM2/Computer Architecture/project_1_updatedv6/project_1_updatedv4/project_1/project_1.xpr}
launch_simulation
launch_simulation
source test_processor_tb.tcl
reset_run synth_1
launch_runs impl_1 -to_step write_bitstream -jobs 8
wait_on_run impl_1
close_sim
open_hw_manager
connect_hw_server -allow_non_jtag
open_hw_target
set_property PROGRAM.FILE {C:/Users/karan/OneDrive/Documents/Work/UB/SEM2/Computer Architecture/project_1_updatedv6/project_1_updatedv4/project_1/project_1.runs/impl_1/processor.bit} [get_hw_devices xc7a35t_0]
current_hw_device [get_hw_devices xc7a35t_0]
refresh_hw_device -update_hw_probes false [lindex [get_hw_devices xc7a35t_0] 0]
set_property PROBES.FILE {} [get_hw_devices xc7a35t_0]
set_property FULL_PROBES.FILE {} [get_hw_devices xc7a35t_0]
set_property PROGRAM.FILE {C:/Users/karan/OneDrive/Documents/Work/UB/SEM2/Computer Architecture/project_1_updatedv6/project_1_updatedv4/project_1/project_1.runs/impl_1/processor.bit} [get_hw_devices xc7a35t_0]
program_hw_devices [get_hw_devices xc7a35t_0]
refresh_hw_device [lindex [get_hw_devices xc7a35t_0] 0]
close_hw_manager
reset_run synth_1
launch_runs impl_1 -to_step write_bitstream -jobs 8
wait_on_run impl_1
open_hw_manager
connect_hw_server -allow_non_jtag
open_hw_target
set_property PROGRAM.FILE {C:/Users/karan/OneDrive/Documents/Work/UB/SEM2/Computer Architecture/project_1_updatedv6/project_1_updatedv4/project_1/project_1.runs/impl_1/processor.bit} [get_hw_devices xc7a35t_0]
current_hw_device [get_hw_devices xc7a35t_0]
refresh_hw_device -update_hw_probes false [lindex [get_hw_devices xc7a35t_0] 0]
set_property PROBES.FILE {} [get_hw_devices xc7a35t_0]
set_property FULL_PROBES.FILE {} [get_hw_devices xc7a35t_0]
set_property PROGRAM.FILE {C:/Users/karan/OneDrive/Documents/Work/UB/SEM2/Computer Architecture/project_1_updatedv6/project_1_updatedv4/project_1/project_1.runs/impl_1/processor.bit} [get_hw_devices xc7a35t_0]
program_hw_devices [get_hw_devices xc7a35t_0]
refresh_hw_device [lindex [get_hw_devices xc7a35t_0] 0]
